
Discarded input sections

 .bss           0x00000000        0x0 build/arithmetic.o
 .ARM.attributes
                0x00000000       0x14 build/arithmetic.o
 .bss           0x00000000        0x0 build/blinkpattern.o
 .ARM.attributes
                0x00000000       0x14 build/blinkpattern.o
 .bss           0x00000000        0x0 build/gpio.o
 .ARM.attributes
                0x00000000       0x14 build/gpio.o
 .bss           0x00000000        0x0 build/main.o
 .ARM.attributes
                0x00000000       0x14 build/main.o
 .bss           0x00000000        0x0 build/matrixControl.o
 .ARM.attributes
                0x00000000       0x14 build/matrixControl.o
 .bss           0x00000000        0x0 build/palindromeInit.o
 .ARM.attributes
                0x00000000       0x14 build/palindromeInit.o
 .bss           0x00000000        0x0 build/systemTimer.o
 .ARM.attributes
                0x00000000       0x14 build/systemTimer.o

Memory Configuration

Name             Origin             Length             Attributes
*default*        0x00000000         0xffffffff

Linker script and memory map

LOAD build/arithmetic.o
LOAD build/blinkpattern.o
LOAD build/gpio.o
LOAD build/main.o
LOAD build/matrixControl.o
LOAD build/palindromeInit.o
LOAD build/systemTimer.o

.init           0x00008000        0x4
 *(.init)
 .init          0x00008000        0x4 build/main.o
                0x00008000                _start

.text           0x00008004      0x734
 *(.text)
 .text          0x00008004       0x60 build/arithmetic.o
                0x00008004                IntDiv
 .text          0x00008064       0xb0 build/blinkpattern.o
                0x00008064                BlinkDigit
                0x000080b4                BlinkSingleRegister
 .text          0x00008114       0x98 build/gpio.o
                0x00008114                GetGpioAddress
                0x0000811c                SetGpioFunction
                0x0000816c                SetGpio
 .text          0x000081ac       0x40 build/main.o
 .text          0x000081ec      0x468 build/matrixControl.o
                0x000081ec                SlideNumber
                0x0000826c                DisplayDoubleRegister
                0x0000845c                SlideLeft
                0x00008518                MatrixDigit
                0x0000854c                InitMatrix
                0x0000857c                TurnOffMatrix
 .text          0x00008654       0xa4 build/palindromeInit.o
                0x00008654                initPowersOfThree
 .text          0x000086f8       0x40 build/systemTimer.o
                0x000086f8                GetSystemTimerBase
                0x00008700                GetTimeStamp
                0x00008710                WaitMicroSec

.data           0x00008738       0x8c
 *(.data)
 .data          0x00008738        0x0 build/arithmetic.o
 .data          0x00008738        0x0 build/blinkpattern.o
 .data          0x00008738        0x0 build/gpio.o
 .data          0x00008738       0x8c build/main.o
                0x0000873c                blinkzero
                0x00008764                matrixzero0
                0x000087bc                nothing
 .data          0x000087c4        0x0 build/matrixControl.o
 .data          0x000087c4        0x0 build/palindromeInit.o
 .data          0x000087c4        0x0 build/systemTimer.o

/DISCARD/
 *(*)
OUTPUT(build/output.elf elf32-littlearm)
