
Discarded input sections

 .bss           0x00000000        0x0 build/arithmetic.o
 .ARM.attributes
                0x00000000       0x14 build/arithmetic.o
 .bss           0x00000000        0x0 build/blinkpattern.o
 .ARM.attributes
                0x00000000       0x14 build/blinkpattern.o
 .bss           0x00000000        0x0 build/gpio.o
 .ARM.attributes
                0x00000000       0x14 build/gpio.o
 .bss           0x00000000        0x0 build/main.o
 .ARM.attributes
                0x00000000       0x14 build/main.o
 .bss           0x00000000        0x0 build/palindromeInit.o
 .ARM.attributes
                0x00000000       0x14 build/palindromeInit.o
 .bss           0x00000000        0x0 build/systemTimer.o
 .ARM.attributes
                0x00000000       0x14 build/systemTimer.o

Memory Configuration

Name             Origin             Length             Attributes
*default*        0x00000000         0xffffffff

Linker script and memory map

LOAD build/arithmetic.o
LOAD build/blinkpattern.o
LOAD build/gpio.o
LOAD build/main.o
LOAD build/palindromeInit.o
LOAD build/systemTimer.o

.init           0x00008000        0x4
 *(.init)
 .init          0x00008000        0x4 build/main.o
                0x00008000                _start

.text           0x00008004      0x2a4
 *(.text)
 .text          0x00008004       0x58 build/arithmetic.o
                0x00008004                IntDiv
 .text          0x0000805c       0xb0 build/blinkpattern.o
                0x0000805c                BlinkDigit
                0x000080b0                BlinkSingleRegister
 .text          0x0000810c       0x80 build/gpio.o
                0x0000810c                GetGpioAddress
                0x00008114                SetGpioFunction
                0x0000814c                SetGpio
 .text          0x0000818c       0x38 build/main.o
 .text          0x000081c4       0xa4 build/palindromeInit.o
                0x000081c4                initPowersOfThree
 .text          0x00008268       0x40 build/systemTimer.o
                0x00008268                GetSystemTimerBase
                0x00008270                GetTimeStamp
                0x00008280                WaitMicroSec

.data           0x000082a8       0x2c
 *(.data)
 .data          0x000082a8        0x0 build/arithmetic.o
 .data          0x000082a8        0x0 build/blinkpattern.o
 .data          0x000082a8        0x0 build/gpio.o
 .data          0x000082a8       0x2c build/main.o
                0x000082ac                blinkzero
 .data          0x000082d4        0x0 build/palindromeInit.o
 .data          0x000082d4        0x0 build/systemTimer.o

/DISCARD/
 *(*)
OUTPUT(build/output.elf elf32-littlearm)
