
Discarded input sections

 .bss           0x0000000000000000        0x0 build/palindromeInit.o
 .ARM.attributes
                0x0000000000000000       0x12 build/palindromeInit.o
 .bss           0x0000000000000000        0x0 build/systemTimer.o
 .ARM.attributes
                0x0000000000000000       0x14 build/systemTimer.o
 .bss           0x0000000000000000        0x0 build/gpio.o
 .ARM.attributes
                0x0000000000000000       0x12 build/gpio.o
 .bss           0x0000000000000000        0x0 build/main.o
 .ARM.attributes
                0x0000000000000000       0x12 build/main.o
 .bss           0x0000000000000000        0x0 build/arithmetic.o
 .ARM.attributes
                0x0000000000000000       0x14 build/arithmetic.o
 .bss           0x0000000000000000        0x0 build/blinkpattern.o
 .ARM.attributes
                0x0000000000000000       0x12 build/blinkpattern.o
 .bss           0x0000000000000000        0x0 build/matrixControl.o
 .ARM.attributes
                0x0000000000000000       0x12 build/matrixControl.o

Memory Configuration

Name             Origin             Length             Attributes
*default*        0x0000000000000000 0xffffffffffffffff

Linker script and memory map

LOAD build/palindromeInit.o
LOAD build/systemTimer.o
LOAD build/gpio.o
LOAD build/main.o
LOAD build/arithmetic.o
LOAD build/blinkpattern.o
LOAD build/matrixControl.o

.init           0x0000000000008000        0x4
 *(.init)
 .init          0x0000000000008000        0x4 build/main.o
                0x0000000000008000                _start

.text           0x0000000000008004      0x7dc
 *(.text)
 .text          0x0000000000008004       0xa4 build/palindromeInit.o
                0x0000000000008004                initPowersOfThree
 .text          0x00000000000080a8       0x40 build/systemTimer.o
                0x00000000000080a8                GetSystemTimerBase
                0x00000000000080b0                GetTimeStamp
                0x00000000000080c0                WaitMicroSec
 .text          0x00000000000080e8       0x98 build/gpio.o
                0x00000000000080e8                GetGpioAddress
                0x00000000000080f0                SetGpioFunction
                0x0000000000008140                SetGpio
 .text          0x0000000000008180       0x88 build/main.o
 .text          0x0000000000008208       0xc0 build/arithmetic.o
                0x0000000000008208                IntDiv
                0x0000000000008268                Div16Reg
                0x0000000000008280                LSL16Reg
 .text          0x00000000000082c8       0xb0 build/blinkpattern.o
                0x00000000000082c8                BlinkDigit
                0x0000000000008318                BlinkSingleRegister
 .text          0x0000000000008378      0x468 build/matrixControl.o
                0x0000000000008378                SlideNumber
                0x00000000000083f8                DisplayDoubleRegister
                0x00000000000085e8                SlideLeft
                0x00000000000086a4                MatrixDigit
                0x00000000000086d8                InitMatrix
                0x0000000000008708                TurnOffMatrix

.data           0x00000000000087e0       0x8c
 *(.data)
 .data          0x00000000000087e0        0x0 build/palindromeInit.o
 .data          0x00000000000087e0        0x0 build/systemTimer.o
 .data          0x00000000000087e0        0x0 build/gpio.o
 .data          0x00000000000087e0       0x8c build/main.o
                0x00000000000087e4                blinkzero
                0x000000000000880c                matrixzero0
                0x0000000000008864                nothing
 .data          0x000000000000886c        0x0 build/arithmetic.o
 .data          0x000000000000886c        0x0 build/blinkpattern.o
 .data          0x000000000000886c        0x0 build/matrixControl.o

/DISCARD/
 *(*)
OUTPUT(build/output.elf elf32-littlearm)
